
> gestor-app-clean@0.0.0 build
> tsc -b && vite build

src/components/charts/SpendingPieChart.tsx(32,13): error TS2322: Type '(value: number) => [string, "Valor"]' is not assignable to type 'Formatter<number, "Valor">'.
  Types of parameters 'value' and 'value' are incompatible.
    Type 'number | undefined' is not assignable to type 'number'.
      Type 'undefined' is not assignable to type 'number'.
src/components/charts/TrendBarChart.tsx(39,13): error TS2322: Type '(value: number) => [string, ""]' is not assignable to type 'Formatter<number, "">'.
  Types of parameters 'value' and 'value' are incompatible.
    Type 'number | undefined' is not assignable to type 'number'.
      Type 'undefined' is not assignable to type 'number'.
src/components/domain/CategoryPicker.tsx(1,8): error TS6133: 'React' is declared but its value is never read.
src/components/domain/CategoryPicker.tsx(18,10): error TS6133: 'categories' is declared but its value is never read.
src/components/SettingsPanel.tsx(4,1): error TS6192: All imports in import declaration are unused.
src/components/SettingsPanel.tsx(4,15): error TS2305: Module '"../context/SettingsContext"' has no exported member 'AppTheme'.
src/components/SettingsPanel.tsx(13,21): error TS2339: Property 'setTheme' does not exist on type 'SettingsContextType'.
src/components/SettingsPanel.tsx(13,31): error TS2339: Property 'setLanguage' does not exist on type 'SettingsContextType'.
src/components/SettingsPanel.tsx(13,44): error TS2339: Property 'setDensity' does not exist on type 'SettingsContextType'.
src/components/SettingsPanel.tsx(54,47): error TS2367: This comparison appears to be unintentional because the types 'Theme' and '"system"' have no overlap.
src/components/SettingsPanel.tsx(82,47): error TS2367: This comparison appears to be unintentional because the types 'Density' and '"spacious"' have no overlap.
src/components/SettingsPanel.tsx(135,47): error TS2367: This comparison appears to be unintentional because the types 'DecimalSeparator' and '","' have no overlap.
src/components/SettingsPanel.tsx(137,51): error TS2322: Type '","' is not assignable to type 'DecimalSeparator | undefined'.
src/components/SettingsPanel.tsx(142,47): error TS2367: This comparison appears to be unintentional because the types 'DecimalSeparator' and '"."' have no overlap.
src/components/SettingsPanel.tsx(144,51): error TS2322: Type '"."' is not assignable to type 'DecimalSeparator | undefined'.
src/components/ui/DatePicker.tsx(8,15): error TS2724: '"../../context/SettingsContext"' has no exported member named 'AppLanguage'. Did you mean 'Language'?
src/components/ui/DatePicker.tsx(238,25): error TS7053: Element implicitly has an 'any' type because expression of type 'AppLanguage' can't be used to index type '{ es: Locale; en: Locale; }'.
src/components/ui/SelectSearch.tsx(87,13): error TS6133: 'MAX_MENU_HEIGHT' is declared but its value is never read.
src/components/ui/UiDatePicker.tsx(1,8): error TS6133: 'React' is declared but its value is never read.
src/components/ui/UiDatePicker.tsx(8,15): error TS2724: '"../../context/SettingsContext"' has no exported member named 'AppLanguage'. Did you mean 'Language'?
src/components/ui/UiDatePicker.tsx(109,25): error TS7053: Element implicitly has an 'any' type because expression of type 'AppLanguage' can't be used to index type '{ es: Locale; en: Locale; }'.
src/i18n.ts(7,15): error TS2724: '"./context/SettingsContext"' has no exported member named 'AppLanguage'. Did you mean 'Language'?
src/i18n/I18nContext.tsx(4,15): error TS2724: '"../context/SettingsContext"' has no exported member named 'AppLanguage'. Did you mean 'Language'?
src/pages/Accounts/AccountsList.tsx(10,3): error TS6133: 'accountTypes' is declared but its value is never read.
src/pages/Accounts/AccountsList.tsx(23,1): error TS6133: 'UiSelect' is declared but its value is never read.
src/pages/Accounts/AccountsList.tsx(37,10): error TS6133: 'showEditModal' is declared but its value is never read.
src/pages/Accounts/AccountsList.tsx(38,10): error TS6133: 'showTransferModal' is declared but its value is never read.
src/pages/Accounts/AccountsList.tsx(108,9): error TS6133: 'handleEdit' is declared but its value is never read.
src/pages/Accounts/AccountsList.tsx(147,9): error TS6133: 'handleTransfer' is declared but its value is never read.
src/pages/Accounts/AccountsList.tsx(197,9): error TS6133: 'isParentOptionDisabled' is declared but its value is never read.
src/pages/Accounts/AccountsList.tsx(205,9): error TS6133: 'activeAccounts' is declared but its value is never read.
src/pages/Dashboard.tsx(4,57): error TS6133: 'getAccountsWithBalances' is declared but its value is never read.
src/pages/Dashboard.tsx(38,10): error TS6133: 'recentMovements' is declared but its value is never read.
src/pages/Dashboard.tsx(93,9): error TS6133: 'formatDate' is declared but its value is never read.
src/pages/Dashboard.tsx(204,61): error TS2339: Property 'child_ids' does not exist on type 'AccountWithBalance'.
src/pages/Dashboard.tsx(204,78): error TS2339: Property 'child_ids' does not exist on type 'AccountWithBalance'.
src/pages/Debts/DebtsList.tsx(12,18): error TS6133: 'UiCardBody' is declared but its value is never read.
src/pages/Export/ExportPage.tsx(19,10): error TS6133: 'FileDown' is declared but its value is never read.
src/pages/Export/ExportPage.tsx(24,1): error TS6133: 'UiField' is declared but its value is never read.
src/pages/Movements/MovementsList.tsx(20,3): error TS6133: 'validateParentAssignment' is declared but its value is never read.
src/pages/Summary/SummaryPage.tsx(145,18): error TS2345: Argument of type 'Blob' is not assignable to parameter of type 'string | ArrayBuffer'.
  Type 'Blob' is missing the following properties from type 'ArrayBuffer': byteLength, [Symbol.toStringTag]
src/pages/Summary/SummaryPage.tsx(170,18): error TS2345: Argument of type 'Blob' is not assignable to parameter of type 'string | ArrayBuffer'.
  Type 'Blob' is missing the following properties from type 'ArrayBuffer': byteLength, [Symbol.toStringTag]
src/services/exportService.ts(3,70): error TS6133: 'Account' is declared but its value is never read.
